{"cache_eligible": true, "cache_reason": "cold", "cache_status": "miss", "elapsed_ms": 1425.139, "input_tokens": 1486, "memory_status": "not_applicable", "mode": "off", "model_calls": 1, "output_tokens": 110, "pair": 1, "phase": "warmup", "response_nonempty": true, "server_model_latency_ms": 1421.81, "started_wall_ns": 1785397900938350126}
{"cache_eligible": true, "cache_reason": "cold", "cache_status": "miss", "elapsed_ms": 1272.919, "input_tokens": 1486, "memory_status": "not_applicable", "mode": "on", "model_calls": 1, "output_tokens": 110, "pair": 1, "phase": "warmup", "response_nonempty": true, "server_model_latency_ms": 1268.525, "started_wall_ns": 1785397902363915479}
{"cache_eligible": true, "cache_reason": "cold", "cache_status": "miss", "elapsed_ms": 1241.121, "input_tokens": 1486, "memory_status": "not_applicable", "mode": "on", "model_calls": 1, "output_tokens": 110, "pair": 2, "phase": "warmup", "response_nonempty": true, "server_model_latency_ms": 1232.308, "started_wall_ns": 1785397903636968736}
{"cache_eligible": true, "cache_reason": "cold", "cache_status": "miss", "elapsed_ms": 1055.451, "input_tokens": 1486, "memory_status": "not_applicable", "mode": "off", "model_calls": 1, "output_tokens": 110, "pair": 2, "phase": "warmup", "response_nonempty": true, "server_model_latency_ms": 1052.864, "started_wall_ns": 1785397904878205418}
{"cache_eligible": true, "cache_reason": "cold", "cache_status": "miss", "elapsed_ms": 1146.664, "input_tokens": 1486, "memory_status": "not_applicable", "mode": "off", "model_calls": 1, "output_tokens": 110, "pair": 3, "phase": "warmup", "response_nonempty": true, "server_model_latency_ms": 1144.328, "started_wall_ns": 1785397905933948212}
{"cache_eligible": true, "cache_reason": "cold", "cache_status": "miss", "elapsed_ms": 1142.787, "input_tokens": 1486, "memory_status": "not_applicable", "mode": "on", "model_calls": 1, "output_tokens": 110, "pair": 3, "phase": "warmup", "response_nonempty": true, "server_model_latency_ms": 1139.899, "started_wall_ns": 1785397907080729264}
{"cache_eligible": true, "cache_reason": "cold", "cache_status": "miss", "elapsed_ms": 1380.525, "input_tokens": 1486, "memory_status": "not_applicable", "mode": "off", "model_calls": 1, "output_tokens": 116, "pair": 1, "phase": "measure", "response_nonempty": true, "server_model_latency_ms": 1377.527, "started_wall_ns": 1785397908223837105}
{"cache_eligible": true, "cache_reason": "cold", "cache_status": "miss", "elapsed_ms": 1261.06, "input_tokens": 1486, "memory_status": "not_applicable", "mode": "on", "model_calls": 1, "output_tokens": 116, "pair": 1, "phase": "measure", "response_nonempty": true, "server_model_latency_ms": 1258.082, "started_wall_ns": 1785397909604749576}
{"cache_eligible": true, "cache_reason": "cold", "cache_status": "miss", "elapsed_ms": 1166.777, "input_tokens": 1486, "memory_status": "not_applicable", "mode": "on", "model_calls": 1, "output_tokens": 116, "pair": 2, "phase": "measure", "response_nonempty": true, "server_model_latency_ms": 1158.158, "started_wall_ns": 1785397910866093844}
{"cache_eligible": true, "cache_reason": "cold", "cache_status": "miss", "elapsed_ms": 1063.225, "input_tokens": 1486, "memory_status": "not_applicable", "mode": "off", "model_calls": 1, "output_tokens": 116, "pair": 2, "phase": "measure", "response_nonempty": true, "server_model_latency_ms": 1060.131, "started_wall_ns": 1785397912032993071}
{"cache_eligible": true, "cache_reason": "cold", "cache_status": "miss", "elapsed_ms": 1231.238, "input_tokens": 1486, "memory_status": "not_applicable", "mode": "off", "model_calls": 1, "output_tokens": 99, "pair": 3, "phase": "measure", "response_nonempty": true, "server_model_latency_ms": 1228.808, "started_wall_ns": 1785397913096446685}
{"cache_eligible": true, "cache_reason": "cold", "cache_status": "miss", "elapsed_ms": 1446.266, "input_tokens": 1486, "memory_status": "not_applicable", "mode": "on", "model_calls": 1, "output_tokens": 99, "pair": 3, "phase": "measure", "response_nonempty": true, "server_model_latency_ms": 1443.454, "started_wall_ns": 1785397914327817806}
{"cache_eligible": true, "cache_reason": "cold", "cache_status": "miss", "elapsed_ms": 1039.772, "input_tokens": 1486, "memory_status": "not_applicable", "mode": "on", "model_calls": 1, "output_tokens": 99, "pair": 4, "phase": "measure", "response_nonempty": true, "server_model_latency_ms": 1036.701, "started_wall_ns": 1785397915774203386}
{"cache_eligible": true, "cache_reason": "cold", "cache_status": "miss", "elapsed_ms": 1546.047, "input_tokens": 1486, "memory_status": "not_applicable", "mode": "off", "model_calls": 1, "output_tokens": 131, "pair": 4, "phase": "measure", "response_nonempty": true, "server_model_latency_ms": 1543.126, "started_wall_ns": 1785397916814234753}
{"cache_eligible": true, "cache_reason": "cold", "cache_status": "miss", "elapsed_ms": 1223.764, "input_tokens": 1486, "memory_status": "not_applicable", "mode": "off", "model_calls": 1, "output_tokens": 116, "pair": 5, "phase": "measure", "response_nonempty": true, "server_model_latency_ms": 1220.962, "started_wall_ns": 1785397918360397195}
{"cache_eligible": true, "cache_reason": "cold", "cache_status": "miss", "elapsed_ms": 1189.133, "input_tokens": 1486, "memory_status": "not_applicable", "mode": "on", "model_calls": 1, "output_tokens": 116, "pair": 5, "phase": "measure", "response_nonempty": true, "server_model_latency_ms": 1185.399, "started_wall_ns": 1785397919584275069}
{"cache_eligible": true, "cache_reason": "cold", "cache_status": "miss", "elapsed_ms": 1158.904, "input_tokens": 1486, "memory_status": "not_applicable", "mode": "on", "model_calls": 1, "output_tokens": 116, "pair": 6, "phase": "measure", "response_nonempty": true, "server_model_latency_ms": 1156.172, "started_wall_ns": 1785397920773655612}
{"cache_eligible": true, "cache_reason": "cold", "cache_status": "miss", "elapsed_ms": 1099.708, "input_tokens": 1486, "memory_status": "not_applicable", "mode": "off", "model_calls": 1, "output_tokens": 116, "pair": 6, "phase": "measure", "response_nonempty": true, "server_model_latency_ms": 1095.515, "started_wall_ns": 1785397921932732622}
{"cache_eligible": true, "cache_reason": "cold", "cache_status": "miss", "elapsed_ms": 1150.628, "input_tokens": 1486, "memory_status": "not_applicable", "mode": "off", "model_calls": 1, "output_tokens": 116, "pair": 7, "phase": "measure", "response_nonempty": true, "server_model_latency_ms": 1147.029, "started_wall_ns": 1785397923032563349}
{"cache_eligible": true, "cache_reason": "cold", "cache_status": "miss", "elapsed_ms": 1100.611, "input_tokens": 1486, "memory_status": "not_applicable", "mode": "on", "model_calls": 1, "output_tokens": 116, "pair": 7, "phase": "measure", "response_nonempty": true, "server_model_latency_ms": 1097.411, "started_wall_ns": 1785397924184140808}
{"cache_eligible": true, "cache_reason": "cold", "cache_status": "miss", "elapsed_ms": 1059.062, "input_tokens": 1486, "memory_status": "not_applicable", "mode": "on", "model_calls": 1, "output_tokens": 116, "pair": 8, "phase": "measure", "response_nonempty": true, "server_model_latency_ms": 1056.461, "started_wall_ns": 1785397925284866305}
{"cache_eligible": true, "cache_reason": "cold", "cache_status": "miss", "elapsed_ms": 1075.092, "input_tokens": 1486, "memory_status": "not_applicable", "mode": "off", "model_calls": 1, "output_tokens": 110, "pair": 8, "phase": "measure", "response_nonempty": true, "server_model_latency_ms": 1072.236, "started_wall_ns": 1785397926344036212}
{"cache_eligible": true, "cache_reason": "cold", "cache_status": "miss", "elapsed_ms": 1034.984, "input_tokens": 1486, "memory_status": "not_applicable", "mode": "off", "model_calls": 1, "output_tokens": 116, "pair": 9, "phase": "measure", "response_nonempty": true, "server_model_latency_ms": 1032.599, "started_wall_ns": 1785397927419255339}
{"cache_eligible": true, "cache_reason": "cold", "cache_status": "miss", "elapsed_ms": 1493.792, "input_tokens": 1486, "memory_status": "not_applicable", "mode": "on", "model_calls": 1, "output_tokens": 116, "pair": 9, "phase": "measure", "response_nonempty": true, "server_model_latency_ms": 1490.298, "started_wall_ns": 1785397928454365475}
{"cache_eligible": true, "cache_reason": "cold", "cache_status": "miss", "elapsed_ms": 1311.919, "input_tokens": 1486, "memory_status": "not_applicable", "mode": "on", "model_calls": 1, "output_tokens": 116, "pair": 10, "phase": "measure", "response_nonempty": true, "server_model_latency_ms": 1309.249, "started_wall_ns": 1785397929948266942}
{"cache_eligible": true, "cache_reason": "cold", "cache_status": "miss", "elapsed_ms": 1195.874, "input_tokens": 1486, "memory_status": "not_applicable", "mode": "off", "model_calls": 1, "output_tokens": 116, "pair": 10, "phase": "measure", "response_nonempty": true, "server_model_latency_ms": 1193.457, "started_wall_ns": 1785397931260294963}
{"cache_eligible": true, "cache_reason": "cold", "cache_status": "miss", "elapsed_ms": 1121.464, "input_tokens": 1486, "memory_status": "not_applicable", "mode": "off", "model_calls": 1, "output_tokens": 99, "pair": 11, "phase": "measure", "response_nonempty": true, "server_model_latency_ms": 1118.898, "started_wall_ns": 1785397932456416246}
{"cache_eligible": true, "cache_reason": "cold", "cache_status": "miss", "elapsed_ms": 1107.86, "input_tokens": 1486, "memory_status": "not_applicable", "mode": "on", "model_calls": 1, "output_tokens": 127, "pair": 11, "phase": "measure", "response_nonempty": true, "server_model_latency_ms": 1105.057, "started_wall_ns": 1785397933577994133}
{"cache_eligible": true, "cache_reason": "cold", "cache_status": "miss", "elapsed_ms": 1163.854, "input_tokens": 1486, "memory_status": "not_applicable", "mode": "on", "model_calls": 1, "output_tokens": 99, "pair": 12, "phase": "measure", "response_nonempty": true, "server_model_latency_ms": 1161.16, "started_wall_ns": 1785397934685977761}
{"cache_eligible": true, "cache_reason": "cold", "cache_status": "miss", "elapsed_ms": 1356.156, "input_tokens": 1486, "memory_status": "not_applicable", "mode": "off", "model_calls": 1, "output_tokens": 99, "pair": 12, "phase": "measure", "response_nonempty": true, "server_model_latency_ms": 1353.574, "started_wall_ns": 1785397935850190665}
{"cache_eligible": true, "cache_reason": "cold", "cache_status": "miss", "elapsed_ms": 1123.739, "input_tokens": 1486, "memory_status": "not_applicable", "mode": "off", "model_calls": 1, "output_tokens": 116, "pair": 13, "phase": "measure", "response_nonempty": true, "server_model_latency_ms": 1121.545, "started_wall_ns": 1785397937206465127}
{"cache_eligible": true, "cache_reason": "cold", "cache_status": "miss", "elapsed_ms": 1209.494, "input_tokens": 1486, "memory_status": "not_applicable", "mode": "on", "model_calls": 1, "output_tokens": 99, "pair": 13, "phase": "measure", "response_nonempty": true, "server_model_latency_ms": 1142.787, "started_wall_ns": 1785397938330315006}
{"cache_eligible": true, "cache_reason": "cold", "cache_status": "miss", "elapsed_ms": 851.178, "input_tokens": 0, "memory_status": "not_applicable", "mode": "on", "model_calls": 1, "output_tokens": 0, "pair": 14, "phase": "measure", "response_nonempty": true, "server_model_latency_ms": 844.782, "started_wall_ns": 1785397939542623572}
{"cache_eligible": true, "cache_reason": "cold", "cache_status": "miss", "elapsed_ms": 1339.344, "input_tokens": 1486, "memory_status": "not_applicable", "mode": "off", "model_calls": 1, "output_tokens": 116, "pair": 14, "phase": "measure", "response_nonempty": true, "server_model_latency_ms": 1336.921, "started_wall_ns": 1785397940393965393}
{"cache_eligible": true, "cache_reason": "cold", "cache_status": "miss", "elapsed_ms": 858.474, "input_tokens": 0, "memory_status": "not_applicable", "mode": "off", "model_calls": 1, "output_tokens": 0, "pair": 15, "phase": "measure", "response_nonempty": true, "server_model_latency_ms": 855.742, "started_wall_ns": 1785397941733443936}
{"cache_eligible": true, "cache_reason": "cold", "cache_status": "miss", "elapsed_ms": 1965.158, "input_tokens": 1486, "memory_status": "not_applicable", "mode": "on", "model_calls": 1, "output_tokens": 126, "pair": 15, "phase": "measure", "response_nonempty": true, "server_model_latency_ms": 1962.293, "started_wall_ns": 1785397942592061960}
{"cache_eligible": true, "cache_reason": "cold", "cache_status": "miss", "elapsed_ms": 1305.785, "input_tokens": 0, "memory_status": "not_applicable", "mode": "on", "model_calls": 1, "output_tokens": 0, "pair": 16, "phase": "measure", "response_nonempty": true, "server_model_latency_ms": 1303.329, "started_wall_ns": 1785397944557334134}
{"cache_eligible": true, "cache_reason": "cold", "cache_status": "miss", "elapsed_ms": 1533.579, "input_tokens": 1486, "memory_status": "not_applicable", "mode": "off", "model_calls": 1, "output_tokens": 116, "pair": 16, "phase": "measure", "response_nonempty": true, "server_model_latency_ms": 1530.952, "started_wall_ns": 1785397945863232435}
{"cache_eligible": true, "cache_reason": "cold", "cache_status": "miss", "elapsed_ms": 879.963, "input_tokens": 0, "memory_status": "not_applicable", "mode": "off", "model_calls": 1, "output_tokens": 0, "pair": 17, "phase": "measure", "response_nonempty": true, "server_model_latency_ms": 877.554, "started_wall_ns": 1785397947396923480}
{"cache_eligible": true, "cache_reason": "cold", "cache_status": "miss", "elapsed_ms": 901.446, "input_tokens": 0, "memory_status": "not_applicable", "mode": "on", "model_calls": 1, "output_tokens": 0, "pair": 17, "phase": "measure", "response_nonempty": true, "server_model_latency_ms": 898.469, "started_wall_ns": 1785397948277054228}
{"cache_eligible": true, "cache_reason": "cold", "cache_status": "miss", "elapsed_ms": 1154.206, "input_tokens": 1486, "memory_status": "not_applicable", "mode": "on", "model_calls": 1, "output_tokens": 116, "pair": 18, "phase": "measure", "response_nonempty": true, "server_model_latency_ms": 1151.438, "started_wall_ns": 1785397949178617880}
{"cache_eligible": true, "cache_reason": "cold", "cache_status": "miss", "elapsed_ms": 814.742, "input_tokens": 0, "memory_status": "not_applicable", "mode": "off", "model_calls": 1, "output_tokens": 0, "pair": 18, "phase": "measure", "response_nonempty": true, "server_model_latency_ms": 812.116, "started_wall_ns": 1785397950333233031}
{"cache_eligible": true, "cache_reason": "cold", "cache_status": "miss", "elapsed_ms": 872.325, "input_tokens": 0, "memory_status": "not_applicable", "mode": "off", "model_calls": 1, "output_tokens": 0, "pair": 19, "phase": "measure", "response_nonempty": true, "server_model_latency_ms": 870.021, "started_wall_ns": 1785397951148086509}
{"cache_eligible": true, "cache_reason": "cold", "cache_status": "miss", "elapsed_ms": 1597.13, "input_tokens": 1486, "memory_status": "not_applicable", "mode": "on", "model_calls": 1, "output_tokens": 116, "pair": 19, "phase": "measure", "response_nonempty": true, "server_model_latency_ms": 1594.177, "started_wall_ns": 1785397952020598478}
{"cache_eligible": true, "cache_reason": "cold", "cache_status": "miss", "elapsed_ms": 787.635, "input_tokens": 0, "memory_status": "not_applicable", "mode": "on", "model_calls": 1, "output_tokens": 0, "pair": 20, "phase": "measure", "response_nonempty": true, "server_model_latency_ms": 785.003, "started_wall_ns": 1785397953617941913}
{"cache_eligible": true, "cache_reason": "cold", "cache_status": "miss", "elapsed_ms": 1002.673, "input_tokens": 0, "memory_status": "not_applicable", "mode": "off", "model_calls": 1, "output_tokens": 0, "pair": 20, "phase": "measure", "response_nonempty": true, "server_model_latency_ms": 999.809, "started_wall_ns": 1785397954405700904}
{"cache_eligible": true, "cache_reason": "cold", "cache_status": "miss", "elapsed_ms": 1188.278, "input_tokens": 1486, "memory_status": "not_applicable", "mode": "off", "model_calls": 1, "output_tokens": 116, "pair": 21, "phase": "measure", "response_nonempty": true, "server_model_latency_ms": 1185.937, "started_wall_ns": 1785397955408657234}
{"cache_eligible": true, "cache_reason": "cold", "cache_status": "miss", "elapsed_ms": 748.675, "input_tokens": 0, "memory_status": "not_applicable", "mode": "on", "model_calls": 1, "output_tokens": 0, "pair": 21, "phase": "measure", "response_nonempty": true, "server_model_latency_ms": 745.713, "started_wall_ns": 1785397956597151206}
{"cache_eligible": true, "cache_reason": "cold", "cache_status": "miss", "elapsed_ms": 798.556, "input_tokens": 0, "memory_status": "not_applicable", "mode": "on", "model_calls": 1, "output_tokens": 0, "pair": 22, "phase": "measure", "response_nonempty": true, "server_model_latency_ms": 795.369, "started_wall_ns": 1785397957346527310}
{"cache_eligible": true, "cache_reason": "cold", "cache_status": "miss", "elapsed_ms": 1088.011, "input_tokens": 1486, "memory_status": "not_applicable", "mode": "off", "model_calls": 1, "output_tokens": 99, "pair": 22, "phase": "measure", "response_nonempty": true, "server_model_latency_ms": 1084.805, "started_wall_ns": 1785397958145364030}
{"cache_eligible": true, "cache_reason": "cold", "cache_status": "miss", "elapsed_ms": 866.611, "input_tokens": 0, "memory_status": "not_applicable", "mode": "off", "model_calls": 1, "output_tokens": 0, "pair": 23, "phase": "measure", "response_nonempty": true, "server_model_latency_ms": 864.249, "started_wall_ns": 1785397959233539196}
{"cache_eligible": true, "cache_reason": "cold", "cache_status": "miss", "elapsed_ms": 865.849, "input_tokens": 0, "memory_status": "not_applicable", "mode": "on", "model_calls": 1, "output_tokens": 0, "pair": 23, "phase": "measure", "response_nonempty": true, "server_model_latency_ms": 862.942, "started_wall_ns": 1785397960100359792}
{"cache_eligible": true, "cache_reason": "cold", "cache_status": "miss", "elapsed_ms": 1574.593, "input_tokens": 1486, "memory_status": "not_applicable", "mode": "on", "model_calls": 1, "output_tokens": 116, "pair": 24, "phase": "measure", "response_nonempty": true, "server_model_latency_ms": 1570.611, "started_wall_ns": 1785397960966409819}
{"cache_eligible": true, "cache_reason": "cold", "cache_status": "miss", "elapsed_ms": 1099.907, "input_tokens": 0, "memory_status": "not_applicable", "mode": "off", "model_calls": 1, "output_tokens": 0, "pair": 24, "phase": "measure", "response_nonempty": true, "server_model_latency_ms": 1096.722, "started_wall_ns": 1785397962541193510}
{"cache_eligible": true, "cache_reason": "cold", "cache_status": "miss", "elapsed_ms": 1525.536, "input_tokens": 1486, "memory_status": "not_applicable", "mode": "off", "model_calls": 1, "output_tokens": 110, "pair": 25, "phase": "measure", "response_nonempty": true, "server_model_latency_ms": 1522.668, "started_wall_ns": 1785397963641435706}
{"cache_eligible": true, "cache_reason": "cold", "cache_status": "miss", "elapsed_ms": 853.137, "input_tokens": 0, "memory_status": "not_applicable", "mode": "on", "model_calls": 1, "output_tokens": 0, "pair": 25, "phase": "measure", "response_nonempty": true, "server_model_latency_ms": 849.912, "started_wall_ns": 1785397965167200726}
{"cache_eligible": true, "cache_reason": "cold", "cache_status": "miss", "elapsed_ms": 917.267, "input_tokens": 0, "memory_status": "not_applicable", "mode": "on", "model_calls": 1, "output_tokens": 0, "pair": 26, "phase": "measure", "response_nonempty": true, "server_model_latency_ms": 914.549, "started_wall_ns": 1785397966020544515}
{"cache_eligible": true, "cache_reason": "cold", "cache_status": "miss", "elapsed_ms": 1512.001, "input_tokens": 1486, "memory_status": "not_applicable", "mode": "off", "model_calls": 1, "output_tokens": 99, "pair": 26, "phase": "measure", "response_nonempty": true, "server_model_latency_ms": 1509.546, "started_wall_ns": 1785397966938026656}
{"cache_eligible": true, "cache_reason": "cold", "cache_status": "miss", "elapsed_ms": 881.608, "input_tokens": 0, "memory_status": "not_applicable", "mode": "off", "model_calls": 1, "output_tokens": 0, "pair": 27, "phase": "measure", "response_nonempty": true, "server_model_latency_ms": 878.746, "started_wall_ns": 1785397968450186518}
{"cache_eligible": true, "cache_reason": "cold", "cache_status": "miss", "elapsed_ms": 751.017, "input_tokens": 0, "memory_status": "not_applicable", "mode": "on", "model_calls": 1, "output_tokens": 0, "pair": 27, "phase": "measure", "response_nonempty": true, "server_model_latency_ms": 748.103, "started_wall_ns": 1785397969332029683}
{"cache_eligible": true, "cache_reason": "cold", "cache_status": "miss", "elapsed_ms": 1073.975, "input_tokens": 1486, "memory_status": "not_applicable", "mode": "on", "model_calls": 1, "output_tokens": 99, "pair": 28, "phase": "measure", "response_nonempty": true, "server_model_latency_ms": 1071.362, "started_wall_ns": 1785397970083161532}
{"cache_eligible": true, "cache_reason": "cold", "cache_status": "miss", "elapsed_ms": 805.118, "input_tokens": 0, "memory_status": "not_applicable", "mode": "off", "model_calls": 1, "output_tokens": 0, "pair": 28, "phase": "measure", "response_nonempty": true, "server_model_latency_ms": 802.749, "started_wall_ns": 1785397971157381993}
{"cache_eligible": true, "cache_reason": "cold", "cache_status": "miss", "elapsed_ms": 946.14, "input_tokens": 0, "memory_status": "not_applicable", "mode": "off", "model_calls": 1, "output_tokens": 0, "pair": 29, "phase": "measure", "response_nonempty": true, "server_model_latency_ms": 944.003, "started_wall_ns": 1785397971962631999}
{"cache_eligible": true, "cache_reason": "cold", "cache_status": "miss", "elapsed_ms": 1570.969, "input_tokens": 1486, "memory_status": "not_applicable", "mode": "on", "model_calls": 1, "output_tokens": 116, "pair": 29, "phase": "measure", "response_nonempty": true, "server_model_latency_ms": 1567.754, "started_wall_ns": 1785397972908904605}
{"cache_eligible": true, "cache_reason": "cold", "cache_status": "miss", "elapsed_ms": 983.444, "input_tokens": 0, "memory_status": "not_applicable", "mode": "on", "model_calls": 1, "output_tokens": 0, "pair": 30, "phase": "measure", "response_nonempty": true, "server_model_latency_ms": 980.365, "started_wall_ns": 1785397974479991898}
{"cache_eligible": true, "cache_reason": "cold", "cache_status": "miss", "elapsed_ms": 770.196, "input_tokens": 0, "memory_status": "not_applicable", "mode": "off", "model_calls": 1, "output_tokens": 0, "pair": 30, "phase": "measure", "response_nonempty": true, "server_model_latency_ms": 767.814, "started_wall_ns": 1785397975463549645}
{"cache_eligible": true, "cache_reason": "cold", "cache_status": "miss", "elapsed_ms": 1054.589, "input_tokens": 1486, "memory_status": "not_applicable", "mode": "off", "model_calls": 1, "output_tokens": 116, "pair": 31, "phase": "measure", "response_nonempty": true, "server_model_latency_ms": 1052.459, "started_wall_ns": 1785397976234057903}
{"cache_eligible": true, "cache_reason": "cold", "cache_status": "miss", "elapsed_ms": 845.031, "input_tokens": 0, "memory_status": "not_applicable", "mode": "on", "model_calls": 1, "output_tokens": 0, "pair": 31, "phase": "measure", "response_nonempty": true, "server_model_latency_ms": 841.827, "started_wall_ns": 1785397977288763727}
{"cache_eligible": true, "cache_reason": "cold", "cache_status": "miss", "elapsed_ms": 878.991, "input_tokens": 0, "memory_status": "not_applicable", "mode": "on", "model_calls": 1, "output_tokens": 0, "pair": 32, "phase": "measure", "response_nonempty": true, "server_model_latency_ms": 876.256, "started_wall_ns": 1785397978133920058}
{"cache_eligible": true, "cache_reason": "cold", "cache_status": "miss", "elapsed_ms": 1298.296, "input_tokens": 1486, "memory_status": "not_applicable", "mode": "off", "model_calls": 1, "output_tokens": 116, "pair": 32, "phase": "measure", "response_nonempty": true, "server_model_latency_ms": 1295.956, "started_wall_ns": 1785397979013024754}
{"cache_eligible": true, "cache_reason": "cold", "cache_status": "miss", "elapsed_ms": 1213.259, "input_tokens": 0, "memory_status": "not_applicable", "mode": "off", "model_calls": 1, "output_tokens": 0, "pair": 33, "phase": "measure", "response_nonempty": true, "server_model_latency_ms": 1210.187, "started_wall_ns": 1785397980311435135}
{"cache_eligible": true, "cache_reason": "cold", "cache_status": "miss", "elapsed_ms": 1870.088, "input_tokens": 1486, "memory_status": "not_applicable", "mode": "on", "model_calls": 1, "output_tokens": 116, "pair": 33, "phase": "measure", "response_nonempty": true, "server_model_latency_ms": 1866.743, "started_wall_ns": 1785397981525190498}
{"cache_eligible": true, "cache_reason": "cold", "cache_status": "miss", "elapsed_ms": 828.457, "input_tokens": 0, "memory_status": "not_applicable", "mode": "on", "model_calls": 1, "output_tokens": 0, "pair": 34, "phase": "measure", "response_nonempty": true, "server_model_latency_ms": 825.34, "started_wall_ns": 1785397983395392817}
{"cache_eligible": true, "cache_reason": "cold", "cache_status": "miss", "elapsed_ms": 828.476, "input_tokens": 0, "memory_status": "not_applicable", "mode": "off", "model_calls": 1, "output_tokens": 0, "pair": 34, "phase": "measure", "response_nonempty": true, "server_model_latency_ms": 825.93, "started_wall_ns": 1785397984223965856}
{"cache_eligible": true, "cache_reason": "cold", "cache_status": "miss", "elapsed_ms": 1134.38, "input_tokens": 1486, "memory_status": "not_applicable", "mode": "off", "model_calls": 1, "output_tokens": 110, "pair": 35, "phase": "measure", "response_nonempty": true, "server_model_latency_ms": 1131.965, "started_wall_ns": 1785397985052556515}
{"cache_eligible": true, "cache_reason": "cold", "cache_status": "miss", "elapsed_ms": 811.605, "input_tokens": 0, "memory_status": "not_applicable", "mode": "on", "model_calls": 1, "output_tokens": 0, "pair": 35, "phase": "measure", "response_nonempty": true, "server_model_latency_ms": 808.859, "started_wall_ns": 1785397986187048618}
{"cache_eligible": true, "cache_reason": "cold", "cache_status": "miss", "elapsed_ms": 848.641, "input_tokens": 0, "memory_status": "not_applicable", "mode": "on", "model_calls": 1, "output_tokens": 0, "pair": 36, "phase": "measure", "response_nonempty": true, "server_model_latency_ms": 846.083, "started_wall_ns": 1785397986998773264}
{"cache_eligible": true, "cache_reason": "cold", "cache_status": "miss", "elapsed_ms": 1451.513, "input_tokens": 1486, "memory_status": "not_applicable", "mode": "off", "model_calls": 1, "output_tokens": 110, "pair": 36, "phase": "measure", "response_nonempty": true, "server_model_latency_ms": 1449.212, "started_wall_ns": 1785397987847682752}
{"cache_eligible": true, "cache_reason": "cold", "cache_status": "miss", "elapsed_ms": 1077.822, "input_tokens": 0, "memory_status": "not_applicable", "mode": "off", "model_calls": 1, "output_tokens": 0, "pair": 37, "phase": "measure", "response_nonempty": true, "server_model_latency_ms": 1075.665, "started_wall_ns": 1785397989299376967}
{"cache_eligible": true, "cache_reason": "cold", "cache_status": "miss", "elapsed_ms": 877.912, "input_tokens": 0, "memory_status": "not_applicable", "mode": "on", "model_calls": 1, "output_tokens": 0, "pair": 37, "phase": "measure", "response_nonempty": true, "server_model_latency_ms": 874.771, "started_wall_ns": 1785397990377350553}
{"cache_eligible": true, "cache_reason": "cold", "cache_status": "miss", "elapsed_ms": 1109.679, "input_tokens": 1486, "memory_status": "not_applicable", "mode": "on", "model_calls": 1, "output_tokens": 99, "pair": 38, "phase": "measure", "response_nonempty": true, "server_model_latency_ms": 1107.131, "started_wall_ns": 1785397991255377251}
{"cache_eligible": true, "cache_reason": "cold", "cache_status": "miss", "elapsed_ms": 703.604, "input_tokens": 0, "memory_status": "not_applicable", "mode": "off", "model_calls": 1, "output_tokens": 0, "pair": 38, "phase": "measure", "response_nonempty": true, "server_model_latency_ms": 701.096, "started_wall_ns": 1785397992365259654}
{"cache_eligible": true, "cache_reason": "cold", "cache_status": "miss", "elapsed_ms": 825.834, "input_tokens": 0, "memory_status": "not_applicable", "mode": "off", "model_calls": 1, "output_tokens": 0, "pair": 39, "phase": "measure", "response_nonempty": true, "server_model_latency_ms": 819.007, "started_wall_ns": 1785397993069008306}
{"cache_eligible": true, "cache_reason": "cold", "cache_status": "miss", "elapsed_ms": 1521.788, "input_tokens": 1486, "memory_status": "not_applicable", "mode": "on", "model_calls": 1, "output_tokens": 116, "pair": 39, "phase": "measure", "response_nonempty": true, "server_model_latency_ms": 1515.946, "started_wall_ns": 1785397993895527017}
{"cache_eligible": true, "cache_reason": "cold", "cache_status": "miss", "elapsed_ms": 820.031, "input_tokens": 0, "memory_status": "not_applicable", "mode": "on", "model_calls": 1, "output_tokens": 0, "pair": 40, "phase": "measure", "response_nonempty": true, "server_model_latency_ms": 817.372, "started_wall_ns": 1785397995417484025}
{"cache_eligible": true, "cache_reason": "cold", "cache_status": "miss", "elapsed_ms": 718.274, "input_tokens": 0, "memory_status": "not_applicable", "mode": "off", "model_calls": 1, "output_tokens": 0, "pair": 40, "phase": "measure", "response_nonempty": true, "server_model_latency_ms": 715.945, "started_wall_ns": 1785397996237628127}
{
  "design": "paired alternating order; same image/node/window; cold arm-specific principals",
  "gate_percent": 5.0,
  "invalid_row_count": 0,
  "measurement": "client wall-clock gRPC latency",
  "off_contract": {
    "LLM_OBSERVABILITY_ENABLED": "false",
    "OTEL_SDK_DISABLED": "true",
    "interpretation": "conservative all-OpenTelemetry-off upper-bound baseline"
  },
  "on_contract": {
    "LLM_OBSERVABILITY_ENABLED": "true",
    "OTEL_SDK_DISABLED": "false"
  },
  "p95_increase_percent": 5.56,
  "paired_delta_mean_ms": 23.194,
  "paired_delta_median_ms": -7.183,
  "pass": false,
  "schema_version": "mandate24-matched-overhead-v2",
  "stats": {
    "off": {
      "count": 40,
      "max_ms": 1546.047,
      "mean_ms": 1097.325,
      "median_ms": 1093.86,
      "min_ms": 703.604,
      "p95_ms": 1525.938
    },
    "on": {
      "count": 40,
      "max_ms": 1965.158,
      "mean_ms": 1120.519,
      "median_ms": 1087.293,
      "min_ms": 748.675,
      "p95_ms": 1610.778
    }
  },
  "valid_rows": true
}
